#=================================================================================================
#                                 Report of the whole program                                     
#   Simulator : Cryptography Processor Simulator V1.0                                             
#   Date      : 2018-06-25 15:35:41                                 
#=================================================================================================
Instruction Count       | Cycles-Serial           | Cycles-Parallel     
sd         : 4          |    20                   |    20                  
ld         : 6          |    30                   |    30                  
addiu32    : 11         |    11                   |    11                  
mv         : 1          |    1                    |    1                   
st32       : 2          |    10                   |    10                  
addw       : 1          |    1                    |    1                   
li         : 6          |    6                    |    6                   
st64       : 29         |    145                  |    145                 
lw         : 2          |    10                   |    10                  
sw         : 3          |    15                   |    15                  
sext.w     : 1          |    1                    |    1                   
add        : 3          |    3                    |    3                   
addiu64    : 30         |    30                   |    30                  
total      : 99         |    283                  |    283                 
CPI-Serial : 2.8585858585858586
CPI-Parallel : 2.8585858585858586


#====================================Stack Usage Report========================================
Begin Stack                    : 950       
End Stack                      : 1014      
End Stack-Begin Stack          : 64        


#====================================Function Cycles========================================
