#=================================================================================================
#                                 Report of the whole program                                     
#   Simulator : Cryptography Processor Simulator V1.0                                             
#   Date      : 2018-09-10 22:18:39                                 
#=================================================================================================
Instruction Count       | Cycles-Serial           | Cycles-Parallel     
li         : 89         |    89                   |    89                  
mv         : 199        |    199                  |    199                 
add        : 2961       |    2961                 |    2961                
addi       : 451        |    451                  |    451                 
setvl      : 1747       |    1747                 |    1747                
vst        : 1747       |    1747                 |    1747                
call       : 180        |    180                  |    180                 
ld         : 81         |    81                   |    81                  
vld        : 4608       |    4608                 |    4608                
vmul       : 1296       |    1296                 |    1296                
vadd       : 1656       |    1656                 |    1656                
sub        : 1746       |    1746                 |    1746                
bnez       : 1746       |    1746                 |    1746                
ret        : 180        |    180                  |    180                 
srli       : 720        |    720                  |    720                 
total      : 19407      |    19407                |    19407               
CPI-Serial : 1.0       
CPI-Parallel : 1.0       


#====================================Stack Usage Report========================================
Begin Stack                    : 8785      
End Stack                      : 8802      
End Stack-Begin Stack          : 17        


#====================================Function Cycles========================================
