#=================================================================================================
#                                 Report of the whole program                                     
#   Simulator : Cryptography Processor Simulator V1.0                                             
#   Date      : 2018-09-07 16:26:45                                 
#=================================================================================================
Instruction Count       | Cycles-Serial           | Cycles-Parallel     
li         : 89         |    89                   |    89                  
mv         : 199        |    199                  |    199                 
add        : 1755       |    1755                 |    1755                
addi       : 451        |    451                  |    451                 
setvl      : 1189       |    1189                 |    1189                
vst        : 1189       |    1189                 |    1189                
call       : 180        |    180                  |    180                 
ld         : 81         |    81                   |    81                  
vld        : 2844       |    2844                 |    2844                
vmul       : 648        |    648                  |    648                 
vadd       : 1098       |    1098                 |    1098                
sub        : 1188       |    1188                 |    1188                
bnez       : 1188       |    1188                 |    1188                
ret        : 180        |    180                  |    180                 
srli       : 900        |    900                  |    900                 
total      : 13179      |    13179                |    13179               
CPI-Serial : 1.0       
CPI-Parallel : 1.0       


#====================================Stack Usage Report========================================
Begin Stack                    : 8785      
End Stack                      : 8802      
End Stack-Begin Stack          : 17        


#====================================Function Cycles========================================
