#=================================================================================================
#                                 Report of the whole program                                     
#   Simulator : Cryptography Processor Simulator V1.0                                             
#   Date      : 2018-09-11 08:43:41                                 
#=================================================================================================
Instruction Count       | Cycles-Serial           | Cycles-Parallel     
li         : 89         |    89                   |    89                  
mv         : 199        |    199                  |    199                 
add        : 5463       |    5463                 |    5463                
addi       : 451        |    451                  |    451                 
setvl      : 2953       |    2953                 |    2953                
vst        : 2953       |    2953                 |    2953                
call       : 180        |    180                  |    180                 
ld         : 81         |    81                   |    81                  
vld        : 8316       |    8316                 |    8316                
vmul       : 2592       |    2592                 |    2592                
vadd       : 2862       |    2862                 |    2862                
sub        : 2952       |    2952                 |    2952                
bnez       : 2952       |    2952                 |    2952                
ret        : 180        |    180                  |    180                 
srli       : 540        |    540                  |    540                 
total      : 32763      |    32763                |    32763               
CPI-Serial : 1.0       
CPI-Parallel : 1.0       


#====================================Stack Usage Report========================================
Begin Stack                    : 8785      
End Stack                      : 8802      
End Stack-Begin Stack          : 17        


#====================================Function Cycles========================================
