#=================================================================================================
#                                 Report of the whole program                                     
#   Simulator : Cryptography Processor Simulator V1.0                                             
#   Date      : 2018-09-13 15:03:29                                 
#=================================================================================================
Instruction Count       | Cycles-Serial           | Cycles-Parallel     
li         : 1307       |    1307                 |    1307                
mv         : 3188       |    3188                 |    3188                
addi       : 7233       |    7233                 |    7233                
add        : 87552      |    87552                |    87552               
setvl      : 47088      |    47088                |    47088               
vst        : 47088      |    47088                |    47088               
bneq       : 144        |    144                  |    144                 
call       : 2880       |    2880                 |    2880                
ld         : 1296       |    1296                 |    1296                
vld        : 132768     |    132768               |    132768              
vmul       : 41472      |    41472                |    41472               
vadd       : 45648      |    45648                |    45648               
sub        : 47088      |    47088                |    47088               
bnez       : 47248      |    47248                |    47248               
ret        : 2880       |    2880                 |    2880                
srli       : 7776       |    7776                 |    7776                
subi       : 15         |    15                   |    15                  
total      : 522671     |    522671               |    522671              
CPI-Serial : 1.0       
CPI-Parallel : 1.0       


#====================================Stack Usage Report========================================
Begin Stack                    : 43345     
End Stack                      : 44784     
End Stack-Begin Stack          : 1439      


#====================================Function Cycles========================================
